<?xml version="1.0" encoding="UTF-8"?>
<testsuites>
  <testsuite id="0" name="/Users/manleenbhatia/GeekStuff/git/react-course-projects/meal-scheduler-e59h98me051/src/tests/App.test.js" errors="0" package="/Users/manleenbhatia/GeekStuff/git/react-course-projects/meal-scheduler-e59h98me051/src/tests/App.test.js" hostname="localhost" tests="2" failures="1" time="2.459" timestamp="2019-11-04T07:09:01">
    <properties>
    </properties>
    <testcase classname="Menu scheduler &lt;App /&gt;" name="application renders without crashing" time="0">
    </testcase>
    <testcase classname="Menu scheduler &lt;App /&gt;" name="check if meals schedule is generated for valid entries" time="0">
      <failure message="ReferenceError: createStore is not defined
    at Object.createStore (/Users/manleenbhatia/GeekStuff/git/react-course-projects/meal-scheduler-e59h98me051/src/tests/App.test.js:25:19)
    at Object.asyncJestTest (/Users/manleenbhatia/GeekStuff/git/react-course-projects/meal-scheduler-e59h98me051/node_modules/jest-jasmine2/build/jasmineAsyncInstall.js:102:37)
    at resolve (/Users/manleenbhatia/GeekStuff/git/react-course-projects/meal-scheduler-e59h98me051/node_modules/jest-jasmine2/build/queueRunner.js:43:12)
    at new Promise (&lt;anonymous&gt;)
    at mapper (/Users/manleenbhatia/GeekStuff/git/react-course-projects/meal-scheduler-e59h98me051/node_modules/jest-jasmine2/build/queueRunner.js:26:19)
    at promise.then (/Users/manleenbhatia/GeekStuff/git/react-course-projects/meal-scheduler-e59h98me051/node_modules/jest-jasmine2/build/queueRunner.js:73:41)
    at process._tickCallback (internal/process/next_tick.js:68:7)" type="AssertionError">
      </failure>
    </testcase>
    <system-out/>
    <system-err/>
  </testsuite>
</testsuites>